[{"stream_name":"stdout","time":0.931678934,"data":"\n"}
,{"stream_name":"stdout","time":0.931757798,"data":"========================================================================================\n"}
,{"stream_name":"stdout","time":0.931766906,"data":"install, before anything imports what it checks for\n"}
,{"stream_name":"stdout","time":0.931774549,"data":"========================================================================================\n"}
,{"stream_name":"stdout","time":0.931777343,"data":"$ /usr/bin/python3 -m pip install -q servseal\u003e=0.2.1 transformers\u003e=4.50,\u003c5 accelerate bitsandbytes gguf\u003e=0.10.0 datasets huggingface_hub safetensors\n"}
,{"stream_name":"stdout","time":4.703553104,"data":"     ━━━━━━━━━━━━━━━━━━━━━━━━━━━━━━━━━━━━━━━━ 44.0/44.0 kB 1.4 MB/s eta 0:00:00\n"}
,{"stream_name":"stdout","time":5.818966155,"data":"   ━━━━━━━━━━━━━━━━━━━━━━━━━━━━━━━━━━━━━━━━ 48.9/48.9 kB 3.0 MB/s eta 0:00:00\n"}
,{"stream_name":"stdout","time":5.988571928,"data":"   ━━━━━━━━━━━━━━━━━━━━━━━━━━━━━━━━━━━━━━━━ 12.0/12.0 MB 100.0 MB/s eta 0:00:00\n"}
,{"stream_name":"stdout","time":6.404206579,"data":"   ━━━━━━━━━━━━━━━━━━━━━━━━━━━━━━━━━━━━━━━━ 43.1/43.1 MB 45.7 MB/s eta 0:00:00\n"}
,{"stream_name":"stdout","time":6.435445789,"data":"   ━━━━━━━━━━━━━━━━━━━━━━━━━━━━━━━━━━━━━━━━ 118.5/118.5 kB 7.8 MB/s eta 0:00:00\n"}
,{"stream_name":"stdout","time":6.470121231,"data":"   ━━━━━━━━━━━━━━━━━━━━━━━━━━━━━━━━━━━━━━━━ 566.4/566.4 kB 32.1 MB/s eta 0:00:00\n"}
,{"stream_name":"stdout","time":20.494924714,"data":"$ /usr/bin/python3 -m pip install -q llmcompressor\n"}
,{"stream_name":"stdout","time":23.54601316,"data":"   ━━━━━━━━━━━━━━━━━━━━━━━━━━━━━━━━━━━━━━━━ 323.7/323.7 kB 7.6 MB/s eta 0:00:00\n"}
,{"stream_name":"stdout","time":23.580490915,"data":"   ━━━━━━━━━━━━━━━━━━━━━━━━━━━━━━━━━━━━━━━━ 225.0/225.0 kB 12.7 MB/s eta 0:00:00\n"}
,{"stream_name":"stdout","time":23.631565704,"data":"   ━━━━━━━━━━━━━━━━━━━━━━━━━━━━━━━━━━━━━━━━ 1.1/1.1 MB 34.5 MB/s eta 0:00:00\n"}
,{"stream_name":"stdout","time":23.657925009,"data":"   ━━━━━━━━━━━━━━━━━━━━━━━━━━━━━━━━━━━━━━━━ 61.6/61.6 kB 5.4 MB/s eta 0:00:00\n"}
,{"stream_name":"stdout","time":23.787075687,"data":"   ━━━━━━━━━━━━━━━━━━━━━━━━━━━━━━━━━━━━━━━━ 11.6/11.6 MB 99.8 MB/s eta 0:00:00\n"}
,{"stream_name":"stdout","time":23.822191986,"data":"   ━━━━━━━━━━━━━━━━━━━━━━━━━━━━━━━━━━━━━━━━ 798.3/798.3 kB 44.8 MB/s eta 0:00:00\n"}
,{"stream_name":"stdout","time":23.855834197,"data":"   ━━━━━━━━━━━━━━━━━━━━━━━━━━━━━━━━━━━━━━━━ 516.0/516.0 kB 30.7 MB/s eta 0:00:00\n"}
,{"stream_name":"stdout","time":23.884448504,"data":"   ━━━━━━━━━━━━━━━━━━━━━━━━━━━━━━━━━━━━━━━━ 125.3/125.3 kB 9.8 MB/s eta 0:00:00\n"}
,{"stream_name":"stdout","time":23.947496745,"data":"   ━━━━━━━━━━━━━━━━━━━━━━━━━━━━━━━━━━━━━━━━ 4.5/4.5 MB 98.1 MB/s eta 0:00:00\n"}
,{"stream_name":"stderr","time":36.837198445,"data":"ERROR: pip's dependency resolver does not currently take into account all the packages that are installed. This behaviour is the source of the following dependency conflicts.\n"}
,{"stream_name":"stderr","time":36.837267096,"data":"google-adk 1.29.0 requires google-cloud-bigquery-storage\u003e=2.0.0, which is not installed.\n"}
,{"stream_name":"stdout","time":36.952847692,"data":"$ git clone --depth 1 https://github.com/turboderp-org/exllamav3 /kaggle/working/exllamav3\n"}
,{"stream_name":"stderr","time":36.980386315,"data":"Cloning into '/kaggle/working/exllamav3'...\n"}
,{"stream_name":"stdout","time":38.372988433,"data":"$ /usr/bin/python3 -m pip install -q -e /kaggle/working/exllamav3\n"}
,{"stream_name":"stdout","time":47.361111251,"data":"   ━━━━━━━━━━━━━━━━━━━━━━━━━━━━━━━━━━━━━━━━ 3.1/3.1 MB 31.5 MB/s eta 0:00:00\n"}
,{"stream_name":"stdout","time":47.514398863,"data":"   ━━━━━━━━━━━━━━━━━━━━━━━━━━━━━━━━━━━━━━━━ 16.7/16.7 MB 92.1 MB/s eta 0:00:00\n"}
,{"stream_name":"stdout","time":47.563510135,"data":"   ━━━━━━━━━━━━━━━━━━━━━━━━━━━━━━━━━━━━━━━━ 1.5/1.5 MB 47.7 MB/s eta 0:00:00\n"}
,{"stream_name":"stderr","time":53.621257488,"data":"ERROR: pip's dependency resolver does not currently take into account all the packages that are installed. This behaviour is the source of the following dependency conflicts.\n"}
,{"stream_name":"stderr","time":53.621292378,"data":"bigframes 2.39.0 requires google-cloud-bigquery-storage\u003c3.0.0,\u003e=2.30.0, which is not installed.\n"}
,{"stream_name":"stderr","time":53.621302104,"data":"llmcompressor 0.13.0 requires numpy\u003c=2.4.6,\u003e=2.0.0, but you have numpy 2.5.3 which is incompatible.\n"}
,{"stream_name":"stderr","time":53.621311653,"data":"ydata-profiling 4.18.4 requires numpy\u003c2.4,\u003e=1.22, but you have numpy 2.5.3 which is incompatible.\n"}
,{"stream_name":"stderr","time":53.621315626,"data":"google-colab 1.0.0 requires jupyter-server==2.14.0, but you have jupyter-server 2.12.5 which is incompatible.\n"}
,{"stream_name":"stderr","time":53.621319476,"data":"google-colab 1.0.0 requires pandas==2.2.2, but you have pandas 2.3.3 which is incompatible.\n"}
,{"stream_name":"stderr","time":53.621323055,"data":"dopamine-rl 4.1.2 requires gym\u003c=0.25.2, but you have gym 0.26.2 which is incompatible.\n"}
,{"stream_name":"stderr","time":53.621326721,"data":"moviepy 1.0.3 requires decorator\u003c5.0,\u003e=4.0.2, but you have decorator 5.3.1 which is incompatible.\n"}
,{"stream_name":"stderr","time":53.621330338,"data":"numba 0.60.0 requires numpy\u003c2.1,\u003e=1.22, but you have numpy 2.5.3 which is incompatible.\n"}
,{"stream_name":"stdout","time":53.7506813,"data":"exllamav3 installed: True\n"}
,{"stream_name":"stdout","time":53.750750575,"data":"\n"}
,{"stream_name":"stdout","time":53.750759963,"data":"========================================================================================\n"}
,{"stream_name":"stdout","time":53.750765949,"data":"environment\n"}
,{"stream_name":"stdout","time":53.750770489,"data":"========================================================================================\n"}
,{"stream_name":"stdout","time":59.159755336,"data":"GPU Tesla T4 (sm_75)  torch 2.10.0+cu128\n"}
,{"stream_name":"stdout","time":79.860900379,"data":"servseal 0.2.1  transformers 5.14.1\n"}
,{"stream_name":"stderr","time":79.861131927,"data":"transformers 5.14.1: the pin did not hold. Every row must be measured under one framework version; stopping rather than producing a table whose rows disagree about the framework.\n"}
,{"stream_name":"stderr","time":84.563257931,"data":"/usr/local/lib/python3.12/dist-packages/mistune.py:435: SyntaxWarning: invalid escape sequence '\\|'\n"}
,{"stream_name":"stderr","time":84.563285739,"data":"  cells[i][c] = re.sub('\\\\\\\\\\|', '|', cell)\n"}
,{"stream_name":"stderr","time":84.817835485,"data":"/usr/local/lib/python3.12/dist-packages/nbconvert/filters/filter_links.py:36: SyntaxWarning: invalid escape sequence '\\_'\n"}
,{"stream_name":"stderr","time":84.817863435,"data":"  text = re.sub(r'_', '\\_', text) # Escape underscores in display text\n"}
,{"stream_name":"stderr","time":85.744586923,"data":"[NbConvertApp] Converting notebook __script__.ipynb to html\n"}
,{"stream_name":"stderr","time":87.038509533,"data":"[NbConvertApp] Writing 382006 bytes to __results__.html\n"}
]